Using a max std deviation of 3
#bam3
#bam4
#bam1
#bam2
gi|9626243|ref|NC_001416.1|	17295	17309
gi|9626243|ref|NC_001416.1|	17329	17334
gi|9626243|ref|NC_001416.1|	17337	17343
gi|9626243|ref|NC_001416.1|	17348	17357
gi|9626243|ref|NC_001416.1|	17405	17409
gi|9626243|ref|NC_001416.1|	45200	45201
