(((((((((('VC-10':0.000000,'VC-1':0.000000)Node33:0.092602,'C6706':1.284387)0.751000:0.023159,'3554-08':0.000000)0.000000:0.000004,'VC-19':0.000000)0.000000:0.000003,'VC-6':0.000000)0.000000:0.036659,'2011EL-2317':0.000000)0.939000:0.000002,('2010EL-1796':0.000000,'2010EL-1786-c1_2000_2400kb':0.075801)0.000000:0.000003)0.000000:0.000003,((('VC-25':0.000000,'VC-14':0.000000)0.000000:0.000000,'VC-26':0.000000)0.933000:0.036826,(('2012V-1001':0.038164,'2010EL-1749':0.038164)0.791000:0.038285,'2010EL-1798':0.000000)0.000000:0.000003)0.000000:0.000003)0.000000:0.036948,'VC-15':0.000000)0.939000:0.000000,'VC-18':0.000000)ROOTNODE;