##fileformat=VCFv4.1
##FILTER=<ID=PASS,Description="All filters passed">
##FORMAT=<ID=GQX,Number=1,Type=Integer,Description="Minimum of {Genotype quality assuming variant position,Genotype quality assuming non-variant position}">
##FORMAT=<ID=GT,Number=1,Type=String,Description="Genotype">
##FORMAT=<ID=GQ,Number=1,Type=Float,Description="Genotype Quality">
##FORMAT=<ID=DP,Number=1,Type=Integer,Description="Filtered basecall depth used for site genotyping">
##FORMAT=<ID=DPF,Number=1,Type=Integer,Description="Basecalls filtered from input prior to site genotyping">
##FORMAT=<ID=AD,Number=.,Type=Integer,Description="Allelic depths for the ref and alt alleles in the order listed. For indels this value only includes reads which confidently support each allele (posterior prob 0.999 or higher that read contains indicated allele vs all other intersecting indel alleles)">
##FORMAT=<ID=DPI,Number=1,Type=Integer,Description="Read depth associated with indel, taken from the site preceding the indel.">
##INFO=<ID=END,Number=1,Type=Integer,Description="End position of the region described in this record">
##INFO=<ID=BLOCKAVG_min30p3a,Number=0,Type=Flag,Description="Non-variant site block. All sites in a block are constrained to be non-variant, have the same filter value, and have all sample values in range [x,y], y <= max(x+3,(x*1.3)). All printed site block sample values are the minimum observed in the region spanned by the block">
##INFO=<ID=SNVSB,Number=1,Type=Float,Description="SNV site strand bias">
##INFO=<ID=SNVHPOL,Number=1,Type=Integer,Description="SNV contextual homopolymer length">
##INFO=<ID=CIGAR,Number=A,Type=String,Description="CIGAR alignment for each alternate indel allele">
##INFO=<ID=RU,Number=A,Type=String,Description="Smallest repeating sequence unit extended or contracted in the indel allele relative to the reference. RUs are not reported if longer than 20 bases.">
##INFO=<ID=REFREP,Number=A,Type=Integer,Description="Number of times RU is repeated in reference.">
##INFO=<ID=IDREP,Number=A,Type=Integer,Description="Number of times RU is repeated in indel allele.">
##FILTER=<ID=IndelConflict,Description="Locus is in region with conflicting indel calls">
##FILTER=<ID=SiteConflict,Description="Site genotype conflicts with proximal indel call. This is typically a heterozygous SNV call made inside of a heterozygous deletion">
##FILTER=<ID=LowGQX,Description="Locus GQX is less than 30 or not present">
##FILTER=<ID=HighDPFRatio,Description="The fraction of basecalls filtered out at a site is greater than 0.3">
##FILTER=<ID=HighSNVSB,Description="SNV strand bias value (SNVSB) exceeds 10">
##FILTER=<ID=HighREFREP,Description="Locus contains an indel allele occurring in a homopolymer or dinucleotide track with a reference repeat greater than 8">
##FILTER=<ID=HighDepth,Description="Locus depth is greater than 3x the mean chromosome depth">
##reference=file:///illumina/scripts/clia/Genomes/Homo_sapiens/UCSC/hg19_rCRS/Sequence/WholeGenomeFasta/genome.fa
##contig=<ID=chr22,length=51304566>
##SnvTheta=0.001
##IndelTheta=0.0001
##MaxDepth_chr1=114.18
##MaxDepth_chr10=131.73
##MaxDepth_chr11=117.27
##MaxDepth_chr12=116.97
##MaxDepth_chr13=102.24
##MaxDepth_chr14=101.55
##MaxDepth_chr15=95.22
##MaxDepth_chr16=111.33
##MaxDepth_chr17=112.59
##MaxDepth_chr18=121.86
##MaxDepth_chr19=111.12
##MaxDepth_chr2=121.83
##MaxDepth_chr20=111.24
##MaxDepth_chr21=98.43
##MaxDepth_chr22=76.23
##MaxDepth_chr3=120.09
##MaxDepth_chr4=124.50
##MaxDepth_chr5=119.82
##MaxDepth_chr6=122.22
##MaxDepth_chr7=120.27
##MaxDepth_chr8=120.45
##MaxDepth_chr9=102.48
##MaxDepth_chrM=7005.66
##MaxDepth_chrX=61.05
##MaxDepth_chrY=37.17
##FILTER=<ID=IndelSizeFilter,Description="Indel is outside reportable size range. Insertion range: [1,3], Deletion range: [1,11]">
##gvcftools_version="0.16"
##gvcftools_cmdline="/illumina/scripts/clia/workflows/IsisWorkflow/IsisWorkflow_v2.0.13/bin/set_haploid_region --ref /illumina/scripts/clia/Genomes/Homo_sapiens/UCSC/hg19_rCRS/Sequence/WholeGenomeFasta/genome.fa --region-file /illumina/scripts/clia/workflows/IsisWorkflow/IsisWorkflow_v2.0.13/bin/../data/het_mask/ncbi37/male.bed"
##FILTER=<ID=HAPLOID_CONFLICT,Description="Locus has heterozygous genotype in a haploid region.">
##FORMAT=<ID=OPL,Number=.,Type=Integer,Description="Original PL value before ploidy correction">
##INFO=<ID=phastCons,Number=0,Type=Flag,Description="overlaps a phastCons element">
##INFO=<ID=AA,Number=1,Type=String,Description="Ancestral Allele, ftp://ftp.1000genomes.ebi.ac.uk/vol1/ftp/pilot_data/technical/reference/ancestral_alignments/README">
##INFO=<ID=AF,Number=A,Type=String,Description="1000 Genomes Allele Frequency based on AC/AN; Format: Allele:AlleleFrequency">
##INFO=<ID=AMR_AF,Number=A,Type=String,Description="1000 Genomes Allele Frequency for samples from AMR population based on AC/AN; Format: Allele:AlleleFrequency">
##INFO=<ID=ASN_AF,Number=A,Type=String,Description="1000 Genomes Allele Frequency for samples from ASN population based on AC/AN; Format: Allele:AlleleFrequency">
##INFO=<ID=AFR_AF,Number=A,Type=String,Description="1000 Genomes Allele Frequency for samples from AFR population based on AC/AN; Format: Allele:AlleleFrequency">
##INFO=<ID=EUR_AF,Number=A,Type=String,Description="1000 Genomes Allele Frequency for samples from EUR population based on AC/AN; Format: Allele:AlleleFrequency">
##INFO=<ID=CLNACC,Number=.,Type=String,Description="Accession and version number assigned by ClinVar to the genotype/phenotype relationship. Multiple entries for an allele are pipe-delimited">
##INFO=<ID=CLNSIG,Number=.,Type=String,Description="String that describes the clinical significance. Possible values: unknown, untested, non-pathogenic, probable-non-pathogenic, probable-pathogenic, pathogenic, drug-response, histocompatibility, other. Multiple values are pipe-delimited">
##INFO=<ID=CLNORIGIN,Number=.,Type=String,Description="String that describes the origin of the variant allele. Possible values: unknown, germline, somatic, inherited, paternal, maternal, de-novo, biparental, uniparental, not-tested, test-inconclusive, other. Multiple values for an allele are pipe-delimited">
##INFO=<ID=CLNSRC,Number=.,Type=String,Description="Variant clinical source or channel. Multiple values for an allele are pipe-delimited">
##INFO=<ID=CLNSRCID,Number=.,Type=String,Description="Identifier used by source defined in CLNSRC. Multiple values are pipe-delimited">
##INFO=<ID=CLNGENEINFO,Number=.,Type=String,Description="Gene symbol(s) and NCBI GeneID(s). The gene symbol and ID are delimited by a colon and multiple such pairs are pipe-delimited, Example SYMBOL1:GeneID1|SYMBOL2:GeneID2">
##INFO=<ID=CLNDBN,Number=.,Type=String,Description="Disease name used by the database specified by CLNSRC. Values corresponding to each CLNACC entry are pipe-delimited">
##INFO=<ID=CLNDSDB,Number=.,Type=String,Description="Colon-delimited list of variant disease database name(s). Multiple values from a single database are pipe-delimited">
##INFO=<ID=CLNDSDBID,Number=.,Type=String,Description="Colon-delimited list of variant disease database identifier(s). Multiple values from a single database are pipe-delimited">
##INFO=<ID=CSQ,Number=A,Type=String,Description="Consequence type as predicted by VEP. Format: Allele|Gene|Feature|Feature_type|Consequence|cDNA_position|CDS_position|Protein_position|Amino_acids|Codons|Existing_variation|EXON|INTRON|HGNC|MOTIF_NAME|MOTIF_POS|HIGH_INF_POS|MOTIF_SCORE_CHANGE|DISTANCE|CANONICAL|SIFT|PolyPhen|GMAF|ENSP|DOMAINS|CCDS|HGVSc|HGVSp|CELL_TYPE">
#CHROM	POS	ID	REF	ALT	QUAL	FILTER	INFO	FORMAT	SAMPLE99
chr22	1	.	N	.	0	LowGQX	END=16050039;BLOCKAVG_min30p3a	GT:GQX:DP:DPF	.:.:0:0
chr22	16050040	.	C	.	0	LowGQX	END=16050050;BLOCKAVG_min30p3a	GT:GQX:DP:DPF	0/0:5:2:0
chr22	16050051	.	C	.	0	LowGQX	END=16050056;BLOCKAVG_min30p3a	GT:GQX:DP:DPF	0/0:10:4:0
chr22	16050057	.	C	.	0	LowGQX	END=16050072;BLOCKAVG_min30p3a	GT:GQX:DP:DPF	0/0:15:6:0
chr22	16050073	.	G	.	0	LowGQX	END=16050080;BLOCKAVG_min30p3a	GT:GQX:DP:DPF	0/0:21:8:0
chr22	16050081	.	C	.	0	PASS	BLOCKAVG_min30p3a	GT:GQX:DP:DPF	0/0:30:11:0
chr22	16050082	.	C	.	0	PASS	BLOCKAVG_min30p3a	GT:GQX:DP:DPF	0/0:30:11:0
chr22	16050083	.	C	.	0	PASS	BLOCKAVG_min30p3a	GT:GQX:DP:DPF	0/0:30:11:0
chr22	16050084	.	C	.	0	PASS	BLOCKAVG_min30p3a	GT:GQX:DP:DPF	0/0:30:11:0
chr22	16050085	.	C	.	0	PASS	BLOCKAVG_min30p3a	GT:GQX:DP:DPF	0/0:30:11:0
chr22	16050086	.	C	.	0	PASS	BLOCKAVG_min30p3a	GT:GQX:DP:DPF	0/0:30:11:0
chr22	16050086	.	G	.	0	PASS	BLOCKAVG_min30p3a	GT:GQX:DP:DPF	0/0:42:15:0
chr22	16050087	.	G	.	0	PASS	BLOCKAVG_min30p3a	GT:GQX:DP:DPF	0/0:42:15:0
chr22	16050088	.	G	.	0	PASS	BLOCKAVG_min30p3a	GT:GQX:DP:DPF	0/0:42:15:0
chr22	16050089	.	G	.	0	PASS	BLOCKAVG_min30p3a	GT:GQX:DP:DPF	0/0:42:15:0
chr22	16050090	.	G	.	0	PASS	BLOCKAVG_min30p3a	GT:GQX:DP:DPF	0/0:42:15:0
chr22	16050091	.	G	.	0	PASS	BLOCKAVG_min30p3a	GT:GQX:DP:DPF	0/0:42:15:0
chr22	16050092	.	G	.	0	PASS	BLOCKAVG_min30p3a	GT:GQX:DP:DPF	0/0:42:15:0
chr22	16050093	.	G	.	0	PASS	BLOCKAVG_min30p3a	GT:GQX:DP:DPF	0/0:42:15:0
chr22	16050094	.	G	.	0	PASS	BLOCKAVG_min30p3a	GT:GQX:DP:DPF	0/0:42:15:0
chr22	16050095	.	G	.	0	PASS	BLOCKAVG_min30p3a	GT:GQX:DP:DPF	0/0:42:15:0
chr22	16050096	.	G	.	0	PASS	BLOCKAVG_min30p3a	GT:GQX:DP:DPF	0/0:42:15:0
chr22	16050097	.	G	.	0	PASS	BLOCKAVG_min30p3a	GT:GQX:DP:DPF	0/0:42:15:0
chr22	16050098	.	G	.	0	PASS	BLOCKAVG_min30p3a	GT:GQX:DP:DPF	0/0:42:15:0
chr22	16050099	.	G	.	0	PASS	BLOCKAVG_min30p3a	GT:GQX:DP:DPF	0/0:42:15:0
chr22	16050100	.	G	.	0	PASS	BLOCKAVG_min30p3a	GT:GQX:DP:DPF	0/0:42:15:0
chr22	16050101	.	G	.	0	PASS	BLOCKAVG_min30p3a	GT:GQX:DP:DPF	0/0:42:15:0
chr22	16050102	.	G	.	0	PASS	BLOCKAVG_min30p3a	GT:GQX:DP:DPF	0/0:42:15:0
chr22	16050103	.	G	.	0	PASS	BLOCKAVG_min30p3a	GT:GQX:DP:DPF	0/0:42:15:0
chr22	16050103	.	T	.	0	PASS	BLOCKAVG_min30p3a	GT:GQX:DP:DPF	0/0:54:19:0
chr22	16050104	.	T	.	0	PASS	BLOCKAVG_min30p3a	GT:GQX:DP:DPF	0/0:54:19:0
chr22	16050105	.	T	.	0	PASS	BLOCKAVG_min30p3a	GT:GQX:DP:DPF	0/0:54:19:0
chr22	16050106	.	T	.	0	PASS	BLOCKAVG_min30p3a	GT:GQX:DP:DPF	0/0:54:19:0
chr22	16050107	.	T	.	0	PASS	BLOCKAVG_min30p3a	GT:GQX:DP:DPF	0/0:54:19:0
chr22	16050108	.	T	.	0	PASS	BLOCKAVG_min30p3a	GT:GQX:DP:DPF	0/0:54:19:0
chr22	16050109	.	T	.	0	PASS	BLOCKAVG_min30p3a	GT:GQX:DP:DPF	0/0:54:19:0
chr22	16050110	.	T	.	0	PASS	BLOCKAVG_min30p3a	GT:GQX:DP:DPF	0/0:54:19:0
chr22	16050111	.	T	.	0	PASS	BLOCKAVG_min30p3a	GT:GQX:DP:DPF	0/0:54:19:0
chr22	16050112	.	T	.	0	PASS	BLOCKAVG_min30p3a	GT:GQX:DP:DPF	0/0:54:19:0
chr22	16050113	.	T	.	0	PASS	BLOCKAVG_min30p3a	GT:GQX:DP:DPF	0/0:54:19:0
chr22	16050114	.	T	.	0	PASS	BLOCKAVG_min30p3a	GT:GQX:DP:DPF	0/0:54:19:0
chr22	16050115	.	T	.	0	PASS	BLOCKAVG_min30p3a	GT:GQX:DP:DPF	0/0:54:19:0
chr22	16050116	.	T	.	0	PASS	BLOCKAVG_min30p3a	GT:GQX:DP:DPF	0/0:54:19:0
chr22	16050116	.	G	C	23	LowGQX	SNVSB=0;SNVHPOL=2	GT:GQ:GQX:DP:DPF:AD	0/1:56:23:22:0:16,6
chr22	16050117	.	T	.	0	PASS	BLOCKAVG_min30p3a	GT:GQX:DP:DPF	0/0:69:24:0
chr22	16050118	.	T	.	0	PASS	BLOCKAVG_min30p3a	GT:GQX:DP:DPF	0/0:69:24:0
chr22	16050119	.	T	.	0	PASS	BLOCKAVG_min30p3a	GT:GQX:DP:DPF	0/0:69:24:0
chr22	16050120	.	T	.	0	PASS	BLOCKAVG_min30p3a	GT:GQX:DP:DPF	0/0:69:24:0
chr22	16050121	.	T	.	0	PASS	BLOCKAVG_min30p3a	GT:GQX:DP:DPF	0/0:69:24:0
chr22	16050122	.	T	.	0	PASS	BLOCKAVG_min30p3a	GT:GQX:DP:DPF	0/0:69:24:0
chr22	16050123	.	T	.	0	PASS	BLOCKAVG_min30p3a	GT:GQX:DP:DPF	0/0:69:24:0
chr22	16050124	.	T	.	0	PASS	BLOCKAVG_min30p3a	GT:GQX:DP:DPF	0/0:69:24:0
chr22	16050125	.	T	.	0	PASS	BLOCKAVG_min30p3a	GT:GQX:DP:DPF	0/0:69:24:0
chr22	16050126	.	T	.	0	PASS	BLOCKAVG_min30p3a	GT:GQX:DP:DPF	0/0:69:24:0
chr22	16050127	.	T	.	0	PASS	BLOCKAVG_min30p3a	GT:GQX:DP:DPF	0/0:69:24:0
chr22	16050128	.	T	.	0	PASS	BLOCKAVG_min30p3a	GT:GQX:DP:DPF	0/0:69:24:0
chr22	16050129	.	T	.	0	PASS	BLOCKAVG_min30p3a	GT:GQX:DP:DPF	0/0:69:24:0
chr22	16050130	.	T	.	0	PASS	BLOCKAVG_min30p3a	GT:GQX:DP:DPF	0/0:69:24:0
chr22	16050131	.	T	.	0	PASS	BLOCKAVG_min30p3a	GT:GQX:DP:DPF	0/0:69:24:0
chr22	16050132	.	T	.	0	PASS	BLOCKAVG_min30p3a	GT:GQX:DP:DPF	0/0:69:24:0
chr22	16050132	.	A	.	0	PASS	BLOCKAVG_min30p3a	GT:GQX:DP:DPF	0/0:84:29:0
chr22	16050133	.	A	.	0	PASS	BLOCKAVG_min30p3a	GT:GQX:DP:DPF	0/0:84:29:0
chr22	16050134	.	A	.	0	PASS	BLOCKAVG_min30p3a	GT:GQX:DP:DPF	0/0:84:29:0
chr22	16050135	.	A	.	0	PASS	BLOCKAVG_min30p3a	GT:GQX:DP:DPF	0/0:84:29:0
chr22	16050136	.	A	.	0	PASS	BLOCKAVG_min30p3a	GT:GQX:DP:DPF	0/0:84:29:0
chr22	16050137	.	A	.	0	PASS	BLOCKAVG_min30p3a	GT:GQX:DP:DPF	0/0:84:29:0
chr22	16050138	.	A	.	0	PASS	BLOCKAVG_min30p3a	GT:GQX:DP:DPF	0/0:84:29:0
chr22	16050139	.	A	.	0	PASS	BLOCKAVG_min30p3a	GT:GQX:DP:DPF	0/0:84:29:0
chr22	16050140	.	A	.	0	PASS	BLOCKAVG_min30p3a	GT:GQX:DP:DPF	0/0:84:29:0
chr22	16050141	.	A	.	0	PASS	BLOCKAVG_min30p3a	GT:GQX:DP:DPF	0/0:84:29:0
chr22	16050142	.	A	.	0	PASS	BLOCKAVG_min30p3a	GT:GQX:DP:DPF	0/0:84:29:0
chr22	16050143	.	A	.	0	PASS	BLOCKAVG_min30p3a	GT:GQX:DP:DPF	0/0:84:29:0
chr22	16050144	.	A	.	0	PASS	BLOCKAVG_min30p3a	GT:GQX:DP:DPF	0/0:84:29:0
chr22	16050145	.	A	.	0	PASS	BLOCKAVG_min30p3a	GT:GQX:DP:DPF	0/0:84:29:0
chr22	16050146	.	A	.	0	PASS	BLOCKAVG_min30p3a	GT:GQX:DP:DPF	0/0:84:29:0
chr22	16050147	.	A	.	0	PASS	BLOCKAVG_min30p3a	GT:GQX:DP:DPF	0/0:84:29:0
chr22	16050148	.	A	.	0	PASS	BLOCKAVG_min30p3a	GT:GQX:DP:DPF	0/0:84:29:0
chr22	16050149	.	A	.	0	PASS	BLOCKAVG_min30p3a	GT:GQX:DP:DPF	0/0:84:29:0
chr22	16050150	.	A	.	0	PASS	BLOCKAVG_min30p3a	GT:GQX:DP:DPF	0/0:84:29:0
chr22	16050151	.	A	.	0	PASS	BLOCKAVG_min30p3a	GT:GQX:DP:DPF	0/0:84:29:0
chr22	16050152	.	A	.	0	PASS	BLOCKAVG_min30p3a	GT:GQX:DP:DPF	0/0:84:29:0
chr22	16050153	.	A	.	0	PASS	BLOCKAVG_min30p3a	GT:GQX:DP:DPF	0/0:84:29:0
chr22	16050154	.	A	.	0	PASS	BLOCKAVG_min30p3a	GT:GQX:DP:DPF	0/0:84:29:0
chr22	16050155	.	A	.	0	PASS	BLOCKAVG_min30p3a	GT:GQX:DP:DPF	0/0:84:29:0
chr22	16050156	.	A	.	0	PASS	BLOCKAVG_min30p3a	GT:GQX:DP:DPF	0/0:84:29:0
chr22	16050157	.	A	.	0	PASS	BLOCKAVG_min30p3a	GT:GQX:DP:DPF	0/0:84:29:0
chr22	16050158	.	A	.	0	PASS	BLOCKAVG_min30p3a	GT:GQX:DP:DPF	0/0:84:29:0
chr22	16050159	.	A	.	0	PASS	BLOCKAVG_min30p3a	GT:GQX:DP:DPF	0/0:84:29:0
chr22	16050160	.	A	.	0	PASS	BLOCKAVG_min30p3a	GT:GQX:DP:DPF	0/0:84:29:0
chr22	16050161	.	A	.	0	PASS	BLOCKAVG_min30p3a	GT:GQX:DP:DPF	0/0:84:29:0
chr22	16050162	.	A	.	0	PASS	BLOCKAVG_min30p3a	GT:GQX:DP:DPF	0/0:84:29:0
chr22	16050163	.	A	.	0	PASS	BLOCKAVG_min30p3a	GT:GQX:DP:DPF	0/0:84:29:0
chr22	16050164	.	A	.	0	PASS	BLOCKAVG_min30p3a	GT:GQX:DP:DPF	0/0:84:29:0
chr22	16050165	.	A	.	0	PASS	BLOCKAVG_min30p3a	GT:GQX:DP:DPF	0/0:84:29:0
chr22	16050166	.	A	.	0	PASS	BLOCKAVG_min30p3a	GT:GQX:DP:DPF	0/0:84:29:0
chr22	16050167	.	A	.	0	PASS	BLOCKAVG_min30p3a	GT:GQX:DP:DPF	0/0:84:29:0
chr22	16050168	.	A	.	0	PASS	BLOCKAVG_min30p3a	GT:GQX:DP:DPF	0/0:84:29:0
chr22	16050169	.	A	.	0	PASS	BLOCKAVG_min30p3a	GT:GQX:DP:DPF	0/0:84:29:0
chr22	16050170	.	A	.	0	PASS	BLOCKAVG_min30p3a	GT:GQX:DP:DPF	0/0:84:29:0
chr22	16050171	.	A	.	0	PASS	BLOCKAVG_min30p3a	GT:GQX:DP:DPF	0/0:84:29:0
chr22	16050171	.	G	.	0	PASS	BLOCKAVG_min30p3a	GT:GQX:DP:DPF	0/0:90:31:0
chr22	16050172	.	G	.	0	PASS	BLOCKAVG_min30p3a	GT:GQX:DP:DPF	0/0:90:31:0
chr22	16050173	.	G	.	0	PASS	BLOCKAVG_min30p3a	GT:GQX:DP:DPF	0/0:90:31:0
chr22	16050174	.	G	.	0	PASS	BLOCKAVG_min30p3a	GT:GQX:DP:DPF	0/0:90:31:0
chr22	16050175	.	G	.	0	PASS	BLOCKAVG_min30p3a	GT:GQX:DP:DPF	0/0:90:31:0
chr22	16050176	.	G	.	0	PASS	BLOCKAVG_min30p3a	GT:GQX:DP:DPF	0/0:90:31:0
chr22	16050177	.	G	.	0	PASS	BLOCKAVG_min30p3a	GT:GQX:DP:DPF	0/0:90:31:0
chr22	16050178	.	G	.	0	PASS	BLOCKAVG_min30p3a	GT:GQX:DP:DPF	0/0:90:31:0
chr22	16050179	.	G	.	0	PASS	BLOCKAVG_min30p3a	GT:GQX:DP:DPF	0/0:90:31:0
chr22	16050180	.	G	.	0	PASS	BLOCKAVG_min30p3a	GT:GQX:DP:DPF	0/0:90:31:0
chr22	16050181	.	G	.	0	PASS	BLOCKAVG_min30p3a	GT:GQX:DP:DPF	0/0:90:31:0
chr22	16050182	.	G	.	0	PASS	BLOCKAVG_min30p3a	GT:GQX:DP:DPF	0/0:90:31:0
chr22	16050183	.	G	.	0	PASS	BLOCKAVG_min30p3a	GT:GQX:DP:DPF	0/0:90:31:0
chr22	16050184	.	G	.	0	PASS	BLOCKAVG_min30p3a	GT:GQX:DP:DPF	0/0:90:31:0
chr22	16050185	.	G	.	0	PASS	BLOCKAVG_min30p3a	GT:GQX:DP:DPF	0/0:90:31:0
chr22	16050186	.	G	.	0	PASS	BLOCKAVG_min30p3a	GT:GQX:DP:DPF	0/0:90:31:0
chr22	16050187	.	G	.	0	PASS	BLOCKAVG_min30p3a	GT:GQX:DP:DPF	0/0:90:31:0
chr22	16050188	.	G	.	0	PASS	BLOCKAVG_min30p3a	GT:GQX:DP:DPF	0/0:90:31:0
chr22	16050189	.	G	.	0	PASS	BLOCKAVG_min30p3a	GT:GQX:DP:DPF	0/0:90:31:0
chr22	16050190	.	G	.	0	PASS	BLOCKAVG_min30p3a	GT:GQX:DP:DPF	0/0:90:31:0
chr22	16050191	.	G	.	0	PASS	BLOCKAVG_min30p3a	GT:GQX:DP:DPF	0/0:90:31:0
chr22	16050192	.	G	.	0	PASS	BLOCKAVG_min30p3a	GT:GQX:DP:DPF	0/0:90:31:0
chr22	16050193	.	G	.	0	PASS	BLOCKAVG_min30p3a	GT:GQX:DP:DPF	0/0:90:31:0
chr22	16050194	.	G	.	0	PASS	BLOCKAVG_min30p3a	GT:GQX:DP:DPF	0/0:90:31:0
chr22	16050195	.	G	.	0	PASS	BLOCKAVG_min30p3a	GT:GQX:DP:DPF	0/0:90:31:0
chr22	16050196	.	G	.	0	PASS	BLOCKAVG_min30p3a	GT:GQX:DP:DPF	0/0:90:31:0
chr22	16050197	.	G	.	0	PASS	BLOCKAVG_min30p3a	GT:GQX:DP:DPF	0/0:90:31:0
chr22	16050198	.	G	.	0	PASS	BLOCKAVG_min30p3a	GT:GQX:DP:DPF	0/0:90:31:0
chr22	16050199	.	G	.	0	PASS	BLOCKAVG_min30p3a	GT:GQX:DP:DPF	0/0:90:31:0
chr22	16050200	.	G	.	0	PASS	BLOCKAVG_min30p3a	GT:GQX:DP:DPF	0/0:90:31:0
chr22	16050201	.	G	.	0	PASS	BLOCKAVG_min30p3a	GT:GQX:DP:DPF	0/0:90:31:0
chr22	16050202	.	G	.	0	PASS	BLOCKAVG_min30p3a	GT:GQX:DP:DPF	0/0:90:31:0
chr22	16050203	.	G	.	0	PASS	BLOCKAVG_min30p3a	GT:GQX:DP:DPF	0/0:90:31:0
chr22	16050204	.	G	.	0	PASS	BLOCKAVG_min30p3a	GT:GQX:DP:DPF	0/0:90:31:0
chr22	16050205	.	G	.	0	PASS	BLOCKAVG_min30p3a	GT:GQX:DP:DPF	0/0:90:31:0
chr22	16050206	.	G	.	0	PASS	BLOCKAVG_min30p3a	GT:GQX:DP:DPF	0/0:90:31:0
chr22	16050207	.	G	.	0	PASS	BLOCKAVG_min30p3a	GT:GQX:DP:DPF	0/0:90:31:0
chr22	16050208	.	G	.	0	PASS	BLOCKAVG_min30p3a	GT:GQX:DP:DPF	0/0:90:31:0
chr22	16050209	.	G	.	0	PASS	BLOCKAVG_min30p3a	GT:GQX:DP:DPF	0/0:90:31:0
chr22	16050210	.	G	.	0	PASS	BLOCKAVG_min30p3a	GT:GQX:DP:DPF	0/0:90:31:0
chr22	16050211	.	G	.	0	PASS	BLOCKAVG_min30p3a	GT:GQX:DP:DPF	0/0:90:31:0
chr22	16050212	.	G	.	0	PASS	BLOCKAVG_min30p3a	GT:GQX:DP:DPF	0/0:90:31:0
chr22	16050213	.	G	.	0	PASS	BLOCKAVG_min30p3a	GT:GQX:DP:DPF	0/0:90:31:0
chr22	16050214	.	G	.	0	PASS	BLOCKAVG_min30p3a	GT:GQX:DP:DPF	0/0:90:31:0
chr22	16050215	.	G	.	0	PASS	BLOCKAVG_min30p3a	GT:GQX:DP:DPF	0/0:90:31:0
chr22	16050216	.	G	.	0	PASS	BLOCKAVG_min30p3a	GT:GQX:DP:DPF	0/0:90:31:0
chr22	16050216	.	T	.	0	PASS	BLOCKAVG_min30p3a	GT:GQX:DP:DPF	0/0:93:32:2
chr22	16050217	.	T	.	0	PASS	BLOCKAVG_min30p3a	GT:GQX:DP:DPF	0/0:93:32:2
chr22	16050218	.	T	.	0	PASS	BLOCKAVG_min30p3a	GT:GQX:DP:DPF	0/0:93:32:2
chr22	16050218	.	T	.	0	PASS	BLOCKAVG_min30p3a	GT:GQX:DP:DPF	0/0:102:35:0
chr22	16050219	.	T	.	0	PASS	BLOCKAVG_min30p3a	GT:GQX:DP:DPF	0/0:102:35:0
chr22	16050220	.	T	.	0	PASS	BLOCKAVG_min30p3a	GT:GQX:DP:DPF	0/0:102:35:0
chr22	16050221	.	T	.	0	PASS	BLOCKAVG_min30p3a	GT:GQX:DP:DPF	0/0:102:35:0
chr22	16050222	.	T	.	0	PASS	BLOCKAVG_min30p3a	GT:GQX:DP:DPF	0/0:102:35:0
chr22	16050223	.	T	.	0	PASS	BLOCKAVG_min30p3a	GT:GQX:DP:DPF	0/0:102:35:0
chr22	16050224	.	T	.	0	PASS	BLOCKAVG_min30p3a	GT:GQX:DP:DPF	0/0:102:35:0
chr22	16050225	.	T	.	0	PASS	BLOCKAVG_min30p3a	GT:GQX:DP:DPF	0/0:102:35:0
chr22	16050226	.	T	.	0	PASS	BLOCKAVG_min30p3a	GT:GQX:DP:DPF	0/0:102:35:0
chr22	16050227	.	T	.	0	PASS	BLOCKAVG_min30p3a	GT:GQX:DP:DPF	0/0:102:35:0
chr22	16050228	.	T	.	0	PASS	BLOCKAVG_min30p3a	GT:GQX:DP:DPF	0/0:102:35:0
chr22	16050229	.	T	.	0	PASS	BLOCKAVG_min30p3a	GT:GQX:DP:DPF	0/0:102:35:0
chr22	16050230	.	T	.	0	PASS	BLOCKAVG_min30p3a	GT:GQX:DP:DPF	0/0:102:35:0
chr22	16050231	.	T	.	0	PASS	BLOCKAVG_min30p3a	GT:GQX:DP:DPF	0/0:102:35:0
chr22	16050232	.	T	.	0	PASS	BLOCKAVG_min30p3a	GT:GQX:DP:DPF	0/0:102:35:0
chr22	16050233	.	T	.	0	PASS	BLOCKAVG_min30p3a	GT:GQX:DP:DPF	0/0:102:35:0
chr22	16050234	.	T	.	0	PASS	BLOCKAVG_min30p3a	GT:GQX:DP:DPF	0/0:102:35:0
chr22	16050235	.	T	.	0	PASS	BLOCKAVG_min30p3a	GT:GQX:DP:DPF	0/0:102:35:0
chr22	16050235	.	T	.	0	PASS	.	GT:GQX:DP:DPF	0/0:72:36:0
chr22	16050236	.	T	.	0	PASS	BLOCKAVG_min30p3a	GT:GQX:DP:DPF	0/0:87:30:0
chr22	16050237	.	T	.	0	PASS	BLOCKAVG_min30p3a	GT:GQX:DP:DPF	0/0:87:30:0
chr22	16050238	.	T	.	0	PASS	BLOCKAVG_min30p3a	GT:GQX:DP:DPF	0/0:87:30:0
chr22	16050239	.	T	.	0	PASS	BLOCKAVG_min30p3a	GT:GQX:DP:DPF	0/0:87:30:0
chr22	16050240	.	T	.	0	PASS	BLOCKAVG_min30p3a	GT:GQX:DP:DPF	0/0:87:30:0
chr22	16050241	.	T	.	0	PASS	BLOCKAVG_min30p3a	GT:GQX:DP:DPF	0/0:87:30:0
chr22	16050242	.	T	.	0	PASS	BLOCKAVG_min30p3a	GT:GQX:DP:DPF	0/0:87:30:0
chr22	16050243	.	T	.	0	PASS	BLOCKAVG_min30p3a	GT:GQX:DP:DPF	0/0:87:30:0
chr22	16050244	.	T	.	0	PASS	BLOCKAVG_min30p3a	GT:GQX:DP:DPF	0/0:87:30:0
chr22	16050245	.	T	.	0	PASS	BLOCKAVG_min30p3a	GT:GQX:DP:DPF	0/0:87:30:0
chr22	16050246	.	T	.	0	PASS	BLOCKAVG_min30p3a	GT:GQX:DP:DPF	0/0:87:30:0
chr22	16050247	.	T	.	0	PASS	BLOCKAVG_min30p3a	GT:GQX:DP:DPF	0/0:87:30:0
chr22	16050248	.	T	.	0	PASS	BLOCKAVG_min30p3a	GT:GQX:DP:DPF	0/0:87:30:0
chr22	16050249	.	T	.	0	PASS	BLOCKAVG_min30p3a	GT:GQX:DP:DPF	0/0:87:30:0
chr22	16050250	.	T	.	0	PASS	BLOCKAVG_min30p3a	GT:GQX:DP:DPF	0/0:87:30:0
chr22	16050251	.	T	.	0	PASS	BLOCKAVG_min30p3a	GT:GQX:DP:DPF	0/0:87:30:0
chr22	16050252	.	T	.	0	PASS	BLOCKAVG_min30p3a	GT:GQX:DP:DPF	0/0:87:30:0
chr22	16050253	.	T	.	0	PASS	BLOCKAVG_min30p3a	GT:GQX:DP:DPF	0/0:87:30:0
chr22	16050254	.	T	.	0	PASS	BLOCKAVG_min30p3a	GT:GQX:DP:DPF	0/0:87:30:0
chr22	16050255	.	T	.	0	PASS	BLOCKAVG_min30p3a	GT:GQX:DP:DPF	0/0:87:30:0
chr22	16050256	.	T	.	0	PASS	BLOCKAVG_min30p3a	GT:GQX:DP:DPF	0/0:87:30:0
chr22	16050257	.	T	.	0	PASS	BLOCKAVG_min30p3a	GT:GQX:DP:DPF	0/0:87:30:0
chr22	16050258	.	T	.	0	PASS	BLOCKAVG_min30p3a	GT:GQX:DP:DPF	0/0:87:30:0
chr22	16050259	.	T	.	0	PASS	BLOCKAVG_min30p3a	GT:GQX:DP:DPF	0/0:87:30:0
chr22	16050260	.	T	.	0	PASS	BLOCKAVG_min30p3a	GT:GQX:DP:DPF	0/0:87:30:0
chr22	16050261	.	T	.	0	PASS	BLOCKAVG_min30p3a	GT:GQX:DP:DPF	0/0:87:30:0
chr22	16050262	.	T	.	0	PASS	BLOCKAVG_min30p3a	GT:GQX:DP:DPF	0/0:87:30:0
chr22	16050262	.	A	.	0	PASS	BLOCKAVG_min30p3a	GT:GQX:DP:DPF	0/0:66:23:0
chr22	16050263	.	A	.	0	PASS	BLOCKAVG_min30p3a	GT:GQX:DP:DPF	0/0:66:23:0
chr22	16050264	.	A	.	0	PASS	BLOCKAVG_min30p3a	GT:GQX:DP:DPF	0/0:66:23:0
chr22	16050265	.	A	.	0	PASS	BLOCKAVG_min30p3a	GT:GQX:DP:DPF	0/0:66:23:0
chr22	16050266	.	A	.	0	PASS	BLOCKAVG_min30p3a	GT:GQX:DP:DPF	0/0:66:23:0
chr22	16050267	.	A	.	0	PASS	BLOCKAVG_min30p3a	GT:GQX:DP:DPF	0/0:66:23:0
chr22	16050268	.	A	.	0	PASS	BLOCKAVG_min30p3a	GT:GQX:DP:DPF	0/0:66:23:0
chr22	16050269	.	A	.	0	PASS	BLOCKAVG_min30p3a	GT:GQX:DP:DPF	0/0:66:23:0
chr22	16050270	.	A	.	0	PASS	BLOCKAVG_min30p3a	GT:GQX:DP:DPF	0/0:66:23:0
chr22	16050271	.	A	.	0	PASS	BLOCKAVG_min30p3a	GT:GQX:DP:DPF	0/0:66:23:0
chr22	16050272	.	A	.	0	PASS	BLOCKAVG_min30p3a	GT:GQX:DP:DPF	0/0:66:23:0
chr22	16050273	.	A	.	0	PASS	BLOCKAVG_min30p3a	GT:GQX:DP:DPF	0/0:66:23:0
chr22	16050274	.	A	.	0	PASS	BLOCKAVG_min30p3a	GT:GQX:DP:DPF	0/0:66:23:0
chr22	16050275	.	A	.	0	PASS	BLOCKAVG_min30p3a	GT:GQX:DP:DPF	0/0:66:23:0
chr22	16050276	.	A	.	0	PASS	BLOCKAVG_min30p3a	GT:GQX:DP:DPF	0/0:66:23:0
chr22	16050277	.	A	.	0	PASS	BLOCKAVG_min30p3a	GT:GQX:DP:DPF	0/0:66:23:0
chr22	16050278	.	A	.	0	PASS	BLOCKAVG_min30p3a	GT:GQX:DP:DPF	0/0:66:23:0
chr22	16050279	.	A	.	0	PASS	BLOCKAVG_min30p3a	GT:GQX:DP:DPF	0/0:66:23:0
chr22	16050280	.	A	.	0	PASS	BLOCKAVG_min30p3a	GT:GQX:DP:DPF	0/0:66:23:0
chr22	16050280	.	G	.	0	PASS	BLOCKAVG_min30p3a	GT:GQX:DP:DPF	0/0:87:30:0
chr22	16050281	.	G	.	0	PASS	BLOCKAVG_min30p3a	GT:GQX:DP:DPF	0/0:87:30:0
chr22	16050282	.	G	.	0	PASS	BLOCKAVG_min30p3a	GT:GQX:DP:DPF	0/0:87:30:0
chr22	16050283	.	G	.	0	PASS	BLOCKAVG_min30p3a	GT:GQX:DP:DPF	0/0:87:30:0
chr22	16050284	.	G	.	0	PASS	BLOCKAVG_min30p3a	GT:GQX:DP:DPF	0/0:87:30:0
chr22	16050285	.	G	.	0	PASS	BLOCKAVG_min30p3a	GT:GQX:DP:DPF	0/0:87:30:0
chr22	16050286	.	G	.	0	PASS	BLOCKAVG_min30p3a	GT:GQX:DP:DPF	0/0:87:30:0
chr22	16050287	.	G	.	0	PASS	BLOCKAVG_min30p3a	GT:GQX:DP:DPF	0/0:87:30:0
chr22	16050288	.	G	.	0	PASS	BLOCKAVG_min30p3a	GT:GQX:DP:DPF	0/0:87:30:0
chr22	16050288	.	A	.	0	PASS	BLOCKAVG_min30p3a	GT:GQX:DP:DPF	0/0:114:39:0
chr22	16050289	.	A	.	0	PASS	BLOCKAVG_min30p3a	GT:GQX:DP:DPF	0/0:114:39:0
chr22	16050290	.	A	.	0	PASS	BLOCKAVG_min30p3a	GT:GQX:DP:DPF	0/0:114:39:0
chr22	16050291	.	A	.	0	PASS	BLOCKAVG_min30p3a	GT:GQX:DP:DPF	0/0:114:39:0
chr22	16050292	.	A	.	0	PASS	BLOCKAVG_min30p3a	GT:GQX:DP:DPF	0/0:114:39:0
chr22	16050293	.	A	.	0	PASS	BLOCKAVG_min30p3a	GT:GQX:DP:DPF	0/0:114:39:0
chr22	16050294	.	A	.	0	PASS	BLOCKAVG_min30p3a	GT:GQX:DP:DPF	0/0:114:39:0
chr22	16050295	.	A	.	0	PASS	BLOCKAVG_min30p3a	GT:GQX:DP:DPF	0/0:114:39:0
chr22	16050296	.	A	.	0	PASS	BLOCKAVG_min30p3a	GT:GQX:DP:DPF	0/0:114:39:0
chr22	16050297	.	A	.	0	PASS	BLOCKAVG_min30p3a	GT:GQX:DP:DPF	0/0:114:39:0
chr22	16050298	.	A	.	0	PASS	BLOCKAVG_min30p3a	GT:GQX:DP:DPF	0/0:114:39:0
chr22	16050299	.	A	.	0	PASS	BLOCKAVG_min30p3a	GT:GQX:DP:DPF	0/0:114:39:0
chr22	16050300	.	A	.	0	PASS	BLOCKAVG_min30p3a	GT:GQX:DP:DPF	0/0:114:39:0
chr22	16050300	.	G	.	0	PASS	BLOCKAVG_min30p3a	GT:GQX:DP:DPF	0/0:150:51:0
chr22	16050301	.	G	.	0	PASS	BLOCKAVG_min30p3a	GT:GQX:DP:DPF	0/0:150:51:0
chr22	16050302	.	G	.	0	PASS	BLOCKAVG_min30p3a	GT:GQX:DP:DPF	0/0:150:51:0
chr22	16050303	.	G	.	0	PASS	BLOCKAVG_min30p3a	GT:GQX:DP:DPF	0/0:150:51:0
chr22	16050304	.	G	.	0	PASS	BLOCKAVG_min30p3a	GT:GQX:DP:DPF	0/0:150:51:0
chr22	16050305	.	G	.	0	PASS	BLOCKAVG_min30p3a	GT:GQX:DP:DPF	0/0:150:51:0
chr22	16050306	.	G	.	0	PASS	BLOCKAVG_min30p3a	GT:GQX:DP:DPF	0/0:150:51:0
chr22	16050307	.	G	.	0	PASS	BLOCKAVG_min30p3a	GT:GQX:DP:DPF	0/0:150:51:0
chr22	16050308	.	G	.	0	PASS	BLOCKAVG_min30p3a	GT:GQX:DP:DPF	0/0:150:51:0
chr22	16050309	.	G	.	0	PASS	BLOCKAVG_min30p3a	GT:GQX:DP:DPF	0/0:150:51:0
chr22	16050310	.	G	.	0	PASS	BLOCKAVG_min30p3a	GT:GQX:DP:DPF	0/0:150:51:0
chr22	16050310	.	A	.	0	PASS	BLOCKAVG_min30p3a	GT:GQX:DP:DPF	0/0:166:63:0
chr22	16050311	.	A	.	0	PASS	BLOCKAVG_min30p3a	GT:GQX:DP:DPF	0/0:166:63:0
chr22	16050312	.	A	.	0	PASS	BLOCKAVG_min30p3a	GT:GQX:DP:DPF	0/0:166:63:0
chr22	16050313	.	A	.	0	PASS	BLOCKAVG_min30p3a	GT:GQX:DP:DPF	0/0:166:63:0
chr22	16050314	.	A	.	0	PASS	BLOCKAVG_min30p3a	GT:GQX:DP:DPF	0/0:166:63:0
chr22	16050315	.	A	.	0	PASS	BLOCKAVG_min30p3a	GT:GQX:DP:DPF	0/0:166:63:0
chr22	16050316	.	A	.	0	PASS	BLOCKAVG_min30p3a	GT:GQX:DP:DPF	0/0:166:63:0
chr22	16050317	.	A	.	0	PASS	BLOCKAVG_min30p3a	GT:GQX:DP:DPF	0/0:166:63:0
chr22	16050318	.	A	.	0	PASS	BLOCKAVG_min30p3a	GT:GQX:DP:DPF	0/0:166:63:0
chr22	16050319	.	A	.	0	PASS	BLOCKAVG_min30p3a	GT:GQX:DP:DPF	0/0:166:63:0
chr22	16050320	.	A	.	0	PASS	BLOCKAVG_min30p3a	GT:GQX:DP:DPF	0/0:166:63:0
chr22	16050321	.	A	.	0	PASS	BLOCKAVG_min30p3a	GT:GQX:DP:DPF	0/0:166:63:0
chr22	16050322	.	A	.	0	PASS	BLOCKAVG_min30p3a	GT:GQX:DP:DPF	0/0:166:63:0
chr22	16050323	.	A	.	0	PASS	BLOCKAVG_min30p3a	GT:GQX:DP:DPF	0/0:166:63:0
chr22	16050324	.	A	.	0	PASS	BLOCKAVG_min30p3a	GT:GQX:DP:DPF	0/0:166:63:0
chr22	16050325	.	A	.	0	PASS	BLOCKAVG_min30p3a	GT:GQX:DP:DPF	0/0:166:63:0
chr22	16050326	.	A	.	0	PASS	BLOCKAVG_min30p3a	GT:GQX:DP:DPF	0/0:166:63:0
chr22	16050327	.	A	.	0	PASS	BLOCKAVG_min30p3a	GT:GQX:DP:DPF	0/0:166:63:0
chr22	16050328	.	A	.	0	PASS	BLOCKAVG_min30p3a	GT:GQX:DP:DPF	0/0:166:63:0
chr22	16050329	.	A	.	0	PASS	BLOCKAVG_min30p3a	GT:GQX:DP:DPF	0/0:166:63:0
chr22	16050330	.	A	.	0	PASS	BLOCKAVG_min30p3a	GT:GQX:DP:DPF	0/0:166:63:0
chr22	16050331	.	A	.	0	PASS	BLOCKAVG_min30p3a	GT:GQX:DP:DPF	0/0:166:63:0
chr22	16050332	.	A	.	0	PASS	BLOCKAVG_min30p3a	GT:GQX:DP:DPF	0/0:166:63:0
chr22	16050333	.	A	.	0	PASS	BLOCKAVG_min30p3a	GT:GQX:DP:DPF	0/0:166:63:0
chr22	16050334	.	A	.	0	PASS	BLOCKAVG_min30p3a	GT:GQX:DP:DPF	0/0:166:63:0
chr22	16050335	.	A	.	0	PASS	BLOCKAVG_min30p3a	GT:GQX:DP:DPF	0/0:166:63:0
chr22	16050336	.	A	.	0	PASS	BLOCKAVG_min30p3a	GT:GQX:DP:DPF	0/0:166:63:0
chr22	16050337	.	A	.	0	PASS	BLOCKAVG_min30p3a	GT:GQX:DP:DPF	0/0:166:63:0
chr22	16050338	.	A	.	0	PASS	BLOCKAVG_min30p3a	GT:GQX:DP:DPF	0/0:166:63:0
chr22	16050339	.	A	.	0	PASS	BLOCKAVG_min30p3a	GT:GQX:DP:DPF	0/0:166:63:0
chr22	16050340	.	A	.	0	PASS	BLOCKAVG_min30p3a	GT:GQX:DP:DPF	0/0:166:63:0
chr22	16050341	.	A	.	0	PASS	BLOCKAVG_min30p3a	GT:GQX:DP:DPF	0/0:166:63:0
chr22	16050342	.	A	.	0	PASS	BLOCKAVG_min30p3a	GT:GQX:DP:DPF	0/0:166:63:0
chr22	16050343	.	A	.	0	PASS	BLOCKAVG_min30p3a	GT:GQX:DP:DPF	0/0:166:63:0
chr22	16050344	.	A	.	0	PASS	BLOCKAVG_min30p3a	GT:GQX:DP:DPF	0/0:166:63:0
chr22	16050345	.	A	.	0	PASS	BLOCKAVG_min30p3a	GT:GQX:DP:DPF	0/0:166:63:0
chr22	16050345	.	C	.	0	PASS	BLOCKAVG_min30p3a	GT:GQX:DP:DPF	0/0:220:74:0
chr22	16050346	.	C	.	0	PASS	BLOCKAVG_min30p3a	GT:GQX:DP:DPF	0/0:220:74:0
chr22	16050347	.	C	.	0	PASS	BLOCKAVG_min30p3a	GT:GQX:DP:DPF	0/0:220:74:0
chr22	16050347	.	T	.	0	HighDepth	END=16050372;BLOCKAVG_min30p3a	GT:GQX:DP:DPF	0/0:229:77:0
chr22	16050373	.	T	.	0	HighDepth	END=16050407;BLOCKAVG_min30p3a	GT:GQX:DP:DPF	0/0:241:81:0
chr22	16050408	.	T	.	0	HighDepth	END=16050414;BLOCKAVG_min30p3a	GT:GQX:DP:DPF	0/0:200:75:0
chr22	16050415	.	G	.	0	PASS	BLOCKAVG_min30p3a	GT:GQX:DP:DPF	0/0:217:73:0
chr22	16050416	.	G	.	0	PASS	BLOCKAVG_min30p3a	GT:GQX:DP:DPF	0/0:217:73:0
chr22	16050417	.	G	.	0	PASS	BLOCKAVG_min30p3a	GT:GQX:DP:DPF	0/0:217:73:0
chr22	16050418	.	G	.	0	PASS	BLOCKAVG_min30p3a	GT:GQX:DP:DPF	0/0:217:73:0
chr22	16050419	.	G	.	0	PASS	BLOCKAVG_min30p3a	GT:GQX:DP:DPF	0/0:217:73:0
chr22	16050419	.	C	.	0	HighDepth	END=16050420;BLOCKAVG_min30p3a	GT:GQX:DP:DPF	0/0:223:75:0
chr22	16050421	.	T	.	0	PASS	.	GT:GQX:DP:DPF	0/0:223:75:1
chr22	16050422	.	T	.	0	HighDepth	END=16050427;BLOCKAVG_min30p3a	GT:GQX:DP:DPF	0/0:223:75:0
chr22	16050428	.	T	.	0	PASS	BLOCKAVG_min30p3a	GT:GQX:DP:DPF	0/0:178:60:0
chr22	16050429	.	T	.	0	PASS	BLOCKAVG_min30p3a	GT:GQX:DP:DPF	0/0:178:60:0
chr22	16050430	.	T	.	0	PASS	BLOCKAVG_min30p3a	GT:GQX:DP:DPF	0/0:178:60:0
chr22	16050431	.	T	.	0	PASS	BLOCKAVG_min30p3a	GT:GQX:DP:DPF	0/0:178:60:0
chr22	16050432	.	T	.	0	PASS	BLOCKAVG_min30p3a	GT:GQX:DP:DPF	0/0:178:60:0
chr22	16050433	.	T	.	0	PASS	BLOCKAVG_min30p3a	GT:GQX:DP:DPF	0/0:178:60:0
chr22	16050434	.	T	.	0	PASS	BLOCKAVG_min30p3a	GT:GQX:DP:DPF	0/0:178:60:0
chr22	16050435	.	T	.	0	PASS	BLOCKAVG_min30p3a	GT:GQX:DP:DPF	0/0:178:60:0
chr22	16050436	.	T	.	0	PASS	BLOCKAVG_min30p3a	GT:GQX:DP:DPF	0/0:178:60:0
chr22	16050437	.	T	.	0	PASS	BLOCKAVG_min30p3a	GT:GQX:DP:DPF	0/0:178:60:0
chr22	16050438	.	T	.	0	PASS	BLOCKAVG_min30p3a	GT:GQX:DP:DPF	0/0:178:60:0
chr22	16050439	.	T	.	0	PASS	BLOCKAVG_min30p3a	GT:GQX:DP:DPF	0/0:178:60:0
chr22	16050440	.	T	.	0	PASS	BLOCKAVG_min30p3a	GT:GQX:DP:DPF	0/0:178:60:0
chr22	16050441	.	T	.	0	PASS	BLOCKAVG_min30p3a	GT:GQX:DP:DPF	0/0:178:60:0
chr22	16050442	.	T	.	0	PASS	BLOCKAVG_min30p3a	GT:GQX:DP:DPF	0/0:178:60:0
chr22	16050443	.	T	.	0	PASS	BLOCKAVG_min30p3a	GT:GQX:DP:DPF	0/0:178:60:0
chr22	16050444	.	T	.	0	PASS	BLOCKAVG_min30p3a	GT:GQX:DP:DPF	0/0:178:60:0
chr22	16050445	.	T	.	0	PASS	BLOCKAVG_min30p3a	GT:GQX:DP:DPF	0/0:178:60:0
chr22	16050446	.	T	.	0	PASS	BLOCKAVG_min30p3a	GT:GQX:DP:DPF	0/0:178:60:0
chr22	16050447	.	T	.	0	PASS	BLOCKAVG_min30p3a	GT:GQX:DP:DPF	0/0:178:60:0
chr22	16050448	.	T	.	0	PASS	BLOCKAVG_min30p3a	GT:GQX:DP:DPF	0/0:178:60:0
chr22	16050449	.	T	.	0	PASS	BLOCKAVG_min30p3a	GT:GQX:DP:DPF	0/0:178:60:0
chr22	16050450	.	T	.	0	PASS	BLOCKAVG_min30p3a	GT:GQX:DP:DPF	0/0:178:60:0
chr22	16050451	.	T	.	0	PASS	BLOCKAVG_min30p3a	GT:GQX:DP:DPF	0/0:178:60:0
chr22	16050451	.	C	.	0	PASS	BLOCKAVG_min30p3a	GT:GQX:DP:DPF	0/0:142:54:0
chr22	16050452	.	C	.	0	PASS	BLOCKAVG_min30p3a	GT:GQX:DP:DPF	0/0:142:54:0
chr22	16050453	.	C	.	0	PASS	BLOCKAVG_min30p3a	GT:GQX:DP:DPF	0/0:142:54:0
chr22	16050454	.	C	.	0	PASS	BLOCKAVG_min30p3a	GT:GQX:DP:DPF	0/0:142:54:0
chr22	16050455	.	C	.	0	PASS	BLOCKAVG_min30p3a	GT:GQX:DP:DPF	0/0:142:54:0
chr22	16050456	.	C	.	0	PASS	BLOCKAVG_min30p3a	GT:GQX:DP:DPF	0/0:142:54:0
chr22	16050457	.	C	.	0	PASS	BLOCKAVG_min30p3a	GT:GQX:DP:DPF	0/0:142:54:0
chr22	16050458	.	C	.	0	PASS	BLOCKAVG_min30p3a	GT:GQX:DP:DPF	0/0:142:54:0
chr22	16050459	.	C	.	0	PASS	BLOCKAVG_min30p3a	GT:GQX:DP:DPF	0/0:142:54:0
chr22	16050460	.	C	.	0	PASS	BLOCKAVG_min30p3a	GT:GQX:DP:DPF	0/0:142:54:0
chr22	16050461	.	C	.	0	PASS	BLOCKAVG_min30p3a	GT:GQX:DP:DPF	0/0:142:54:0
chr22	16050462	.	C	.	0	PASS	BLOCKAVG_min30p3a	GT:GQX:DP:DPF	0/0:142:54:0
chr22	16050463	.	C	.	0	PASS	BLOCKAVG_min30p3a	GT:GQX:DP:DPF	0/0:142:54:0
chr22	16050464	.	C	.	0	PASS	BLOCKAVG_min30p3a	GT:GQX:DP:DPF	0/0:142:54:0
chr22	16050465	.	C	.	0	PASS	BLOCKAVG_min30p3a	GT:GQX:DP:DPF	0/0:142:54:0
chr22	16050466	.	C	.	0	PASS	BLOCKAVG_min30p3a	GT:GQX:DP:DPF	0/0:142:54:0
chr22	16050467	.	C	.	0	PASS	BLOCKAVG_min30p3a	GT:GQX:DP:DPF	0/0:142:54:0
