((((((((('VC-18':0.000000,'VC-15':0.000000):1.000000,(('VC-26':0.000000,('VC-25':0.000000,'VC-14':0.000000):0.000000):1.000000,(('2012V-1001':1.000000,'2010EL-1749':1.000000):1.000000,'2010EL-1798':0.000000):0.000000):0.000000):0.000000,('2010EL-1796':0.000000,'2010EL-1786-c1_2000_2400kb':2.000000):0.000000):0.000000,'2011EL-2317':0.000000):1.000000,'VC-6':0.000000):0.000000,'VC-19':0.000000):0.000000,'3554-08':0.000000):1.000000,'C6706':36.000000):3.000000,'VC-10':0.000000,'VC-1':0.000000):0.000000;